// Jest Snapshot v1, https://goo.gl/fbAQLP

exports[`Home page should renders the home page 1`] = `
<div
  className="css-vurnku"
>
  <div
    className="css-1hwv0r3"
  >
    <div
      className="sc-AxjAm iNcNBE css-vurnku"
    >
      home-title
    </div>
    <div
      className="css-vurnku"
    >
       home-title-author
    </div>
  </div>
</div>
`;
